0 2m
0 2m
0 2m
0 2m
0 49m
0 2m
0 3m
0 3m
0 3m
0 3m
0 50m
0 3m
0 4m1s
0 4m1s
0 4m1s
0 4m1s
0 51m
0 4m1s
0 5m1s
0 5m1s
0 5m1s
0 5m1s
0 52m
0 5m1s
0 6m1s
0 6m1s
0 6m1s
0 6m1s
0 53m
0 6m1s
0 7m1s
0 7m1s
0 7m1s
0 7m1s
0 54m
0 7m1s
0 8m1s
0 8m1s
0 8m1s
0 8m1s
0 55m
0 8m1s
0 9m1s
0 9m1s
0 9m1s
0 9m1s
0 56m
0 9m1s
0 10m
0 10m
0 10m
0 10m
0 57m
0 10m
0 11m
0 11m
0 11m
0 11m
0 58m
0 11m
0 12m
0 12m
0 12m
0 12m
0 59m
0 12m
0 13m
0 13m
0 13m
0 13m
0 60m
0 13m
0 14m
0 14m
0 14m
0 14m
0 61m
0 14m
0 15m
0 15m
0 15m
0 15m
0 62m
0 15m
0 16m
0 16m
0 16m
0 16m
0 63m
0 16m
0 17m
0 17m
0 17m
0 17m
0 64m
0 17m
0 18m
0 18m
0 18m
0 18m
0 65m
0 18m
0 19m
0 19m
0 19m
0 19m
0 66m
0 19m
0 20m
0 20m
0 20m
0 20m
0 67m
0 20m
0 21m
0 21m
0 21m
0 21m
0 68m
0 21m
0 22m
0 22m
0 22m
0 22m
0 69m
0 22m
0 23m
0 23m
0 23m
0 23m
0 70m
0 23m
0 24m
0 24m
0 24m
0 24m
0 71m
0 24m
0 25m
0 25m
0 25m
0 25m
0 72m
0 25m
0 26m
0 26m
0 26m
0 26m
0 73m
0 26m
0 27m
0 27m
0 27m
0 27m
0 74m
0 27m
0 28m
0 28m
0 28m
0 28m
0 75m
0 28m
0 29m
0 29m
0 29m
0 29m
0 76m
0 29m
0 30m
0 30m
0 30m
0 30m
0 77m
0 30m
0 31m
0 31m
0 31m
0 31m
0 78m
0 31m
0 32m
0 32m
0 32m
0 32m
0 79m
0 32m
0 33m
0 33m
0 33m
0 33m
0 80m
0 33m
0 34m
0 34m
0 34m
0 34m
0 81m
0 34m
0 35m
0 35m
0 35m
0 35m
0 82m
0 35m
0 36m
0 36m
0 36m
0 36m
0 83m
0 36m
0 37m
0 37m
0 37m
0 37m
0 84m
0 37m
0 38m
0 38m
0 38m
0 38m
0 85m
0 38m
0 39m
0 39m
0 39m
0 39m
0 86m
0 39m
0 40m
0 40m
0 40m
0 40m
0 87m
0 40m
0 41m
0 41m
0 41m
0 41m
0 88m
0 41m
0 42m
0 42m
0 42m
0 42m
0 89m
0 42m
0 43m
0 43m
0 43m
0 43m
0 90m
0 43m
0 44m
0 44m
0 44m
0 44m
0 91m
0 44m
0 45m
0 45m
0 45m
0 45m
0 92m
0 45m
0 46m
0 46m
0 46m
0 46m
0 93m
0 46m
0 47m
0 47m
0 47m
0 47m
0 94m
0 47m
0 48m
0 48m
0 48m
0 48m
0 95m
0 48m
0 49m
0 49m
0 49m
0 49m
0 96m
0 49m
0 50m
0 50m
0 50m
0 50m
0 97m
0 50m
0 51m
0 51m
0 51m
0 51m
0 98m
0 51m
0 52m
0 52m
0 52m
0 52m
0 99m
0 52m
0 53m
0 53m
0 53m
0 53m
0 100m
0 53m
0 54m
0 54m
0 54m
0 54m
0 101m
0 54m
0 55m
0 55m
0 55m
0 55m
0 102m
0 55m
0 56m
0 56m
0 56m
0 56m
0 103m
0 56m
0 57m
0 57m
0 57m
0 57m
0 104m
0 57m
0 58m
0 58m
0 58m
0 58m
0 105m
0 58m
0 59m
0 59m
0 59m
0 59m
0 106m
0 59m
0 60m
0 60m
0 60m
0 60m
0 107m
0 60m
0 61m
0 61m
0 61m
0 61m
0 108m
0 61m
